// Jest Snapshot v1, https://goo.gl/fbAQLP

exports[`Index Component renders correctly 1`] = `
<Text>
  Hello World!
</Text>
`;
